// Vitest Snapshot v1, https://vitest.dev/guide/snapshot.html

exports[`TablesPage test suite > renders without crashing 1`] = `
<div>
  <h1>
    Welcome to the Home Page!
  </h1>
</div>
`;
